{
    "NovaSeq6000 data test": {
        "content": [
            "multiqc_citations.txt:md5,4c806e63a283ec1b7e78cdae3a923d4f",
            "multiqc_fastqc.txt:md5,3730f9046b20ac5c17a86db0a33f8d5d",
            "multiqc_general_stats.txt:md5,d521de54d1e659bf7892105f7d23d4db",
            "multiqc_software_versions.txt:md5,49e3596d49ee49d967d3b6c363b486d5",
            "multiqc_citations.txt:md5,4c806e63a283ec1b7e78cdae3a923d4f",
            "multiqc_fastqc.txt:md5,8284e25ccc21041cf3b5a32eb6a51e78",
            "multiqc_general_stats.txt:md5,d52544eb1a505c889a2f9117cf94a5fa",
            "multiqc_software_versions.txt:md5,49e3596d49ee49d967d3b6c363b486d5",
            "multiqc_citations.txt:md5,4c806e63a283ec1b7e78cdae3a923d4f",
            "multiqc_fastqc.txt:md5,f38ffdc112c73af3a41ed15848a3761f",
            "multiqc_general_stats.txt:md5,5b1190093085ef073d4bd5818c9cde79",
            "multiqc_software_versions.txt:md5,49e3596d49ee49d967d3b6c363b486d5",
            "multiqc_citations.txt:md5,4c806e63a283ec1b7e78cdae3a923d4f",
            "multiqc_fastqc.txt:md5,7ff71ceb8ecdf086331047f8860c3347",
            "multiqc_general_stats.txt:md5,79c1090dd8a97912893f8491641b9dc9",
            "multiqc_software_versions.txt:md5,49e3596d49ee49d967d3b6c363b486d5",
            "multiqc_citations.txt:md5,4c806e63a283ec1b7e78cdae3a923d4f",
            "multiqc_fastqc.txt:md5,519ff344a896ac369bba4d5c5b8be7b5",
            "multiqc_general_stats.txt:md5,41611bd5ab9e79425c466bf976b03bdc",
            "multiqc_software_versions.txt:md5,49e3596d49ee49d967d3b6c363b486d5"
        ],
        "meta": {
            "nf-test": "0.9.0",
            "nextflow": "24.04.4"
        },
        "timestamp": "2024-09-10T08:58:26.732622"
    }
}